// Jest Snapshot v1, https://goo.gl/fbAQLP

exports[`Switcher render Switcher 1`] = `
<DocumentFragment>
  <label
    class="switch"
  >
    <input
      type="checkbox"
    />
    <span
      class="slider"
    />
  </label>
</DocumentFragment>
`;
