// Jest Snapshot v1, https://goo.gl/fbAQLP

exports[`Header render Header 1`] = `
<DocumentFragment>
  <header
    class="header app-wrap"
  >
    <div
      class="headerLeft"
    >
      <div
        class="appLogo"
      >
        <div
          class="txt--logo"
        >
          <span
            class="txt--orange"
          >
            m.
          </span>
          <span>
            accounter
          </span>
        </div>
      </div>
      <div>
        <div
          class="txt--title-small"
        >
          <p>
            Good morning,Â 
            <span>
              User
            </span>
            !
          </p>
        </div>
      </div>
    </div>
    <div
      class="switcher"
    >
      <p>
        Light mode
      </p>
      <label
        class="switch"
      >
        <input
          type="checkbox"
        />
        <span
          class="slider"
        />
      </label>
    </div>
  </header>
</DocumentFragment>
`;
