// Jest Snapshot v1, https://goo.gl/fbAQLP

exports[`Greeting render Greeting 1`] = `
<DocumentFragment>
  <div
    class="txt--title-small"
  >
    <p>
      Good morning,Â 
      <span>
        Jack
      </span>
      !
    </p>
  </div>
</DocumentFragment>
`;
