// Jest Snapshot v1, https://goo.gl/fbAQLP

exports[`Logo render Logo 1`] = `
<DocumentFragment>
  <div
    class="txt--logo"
  >
    <span
      class="txt--orange"
    >
      m.
    </span>
    <span>
      accounter
    </span>
  </div>
</DocumentFragment>
`;
