// Jest Snapshot v1, https://goo.gl/fbAQLP

exports[`ContentPage render ContentPage 1`] = `
<DocumentFragment>
  <main
    class="container"
  >
    <div>
      <div
        class="component"
      >
        <p>
          list
        </p>
      </div>
    </div>
  </main>
</DocumentFragment>
`;
