// Jest Snapshot v1, https://goo.gl/fbAQLP

exports[`Sidebar render Sidebar 1`] = `
<DocumentFragment>
  <div
    class="sidebar component"
    data-open="false"
    role="navigation"
    style="top: 384px;"
  >
    <div
      class="sidebarItem"
      data-testid="sidebarItem-profile"
      role="listitem"
    >
      <span
        class="sidebarProfile"
      >
        IA
      </span>
      <div
        class="prompt"
      >
        <p>
          Profile
        </p>
      </div>
    </div>
    <div
      class="sidebarItem"
      role="listitem"
    >
      <svg>
        home.svg
      </svg>
      <div
        class="prompt"
      >
        <p>
          Home
        </p>
      </div>
    </div>
    <div
      class="sidebarItem"
      role="listitem"
    >
      <svg>
        accountancy.svg
      </svg>
      <div
        class="prompt"
      >
        <p>
          Accountancy
        </p>
      </div>
    </div>
    <div
      class="sidebarItem"
      role="listitem"
    >
      <svg>
        statistics.svg
      </svg>
      <div
        class="prompt"
      >
        <p>
          Statistics
        </p>
      </div>
    </div>
    <div
      class="sidebarItem"
      role="listitem"
    >
      <svg>
        settings.svg
      </svg>
      <div
        class="prompt"
      >
        <p>
          Settings
        </p>
      </div>
    </div>
    <div
      class="sidebarItem"
      role="listitem"
    >
      <svg>
        add.svg
      </svg>
      <div
        class="prompt"
      >
        <p>
          AddÂ operation
        </p>
      </div>
    </div>
  </div>
</DocumentFragment>
`;
